[smp274.mysch.id/index.html]
[backblue.gif]
[fade.gif]
[index.html]
[storage.googleapis.com/s.mysch.id/picture/58777335WhatsAppImage2017-05-12at07.27.47.jpg]
[storage.googleapis.com/s.mysch.id/picture/logo.png]
[storage.googleapis.com/s.mysch.id/picture/65099232logosmp2742.jpg]
[smp274.mysch.id/galeri.html]
[smp274.mysch.id/kontak.html]
[storage.googleapis.com/s.mysch.id/picture/39128786WhatsAppImage2017-05-24at08.05.23.jpg]
[storage.googleapis.com/s.mysch.id/picture/75507138Nasigoreng.jpg]
[storage.googleapis.com/s.mysch.id/picture/23004202GurukuNarsis.jpg]
[storage.googleapis.com/s.mysch.id/picture/11143016pakmitra.jpg]
[mysch.id/cms_baru/upload/image/a1.jpg]
[mysch.id/cms_baru/upload/image/a2.jpg]
[mysch.id/cms_baru/upload/image/a3.jpg]
[mysch.id/cms_baru/upload/image/a4.jpg]
[storage.googleapis.com/s.mysch.id/picture/14927484UstadSMP274KyaiRubyanto.jpg]
[storage.googleapis.com/s.mysch.id/picture/81406362PesantrennyaygberagamaNasrani.jpg]
[storage.googleapis.com/s.mysch.id/picture/11747837Pesantren1.jpg]
[mysch.id/cms_baru/upload/image/banner-desago.png]
[mysch.id/cms_baru/upload/image/banner-makinmahir.jpg]
[mysch.id/cms_baru/upload/image/banner-bumitekno.png]
[smp274.mysch.id/index.html]
[storage.googleapis.com/s.mysch.id/themes/academy/style.css]
[storage.googleapis.com/s.mysch.id/themes/academy/default/style.css]
[storage.googleapis.com/s.mysch.id/themes/academy/default/font-awesome.min.css]
[storage.googleapis.com/s.mysch.id/themes/academy/default/datatables/dataTables.bootstrap4.min.css]
[storage.googleapis.com/s.mysch.id/themes/academy/js/jquery/jquery-2.2.4.min.js]
[storage.googleapis.com/s2.mysch.id/themes/academy/img/bg-img/breadcumb.jpg]
[smp274.mysch.id/galeri.html]
[smp274.mysch.id/kontak.html]
[storage.googleapis.com/s.mysch.id/themes/academy/js/bootstrap/popper.min.js]
[smp274.mysch.id/galeri/index.html]
[storage.googleapis.com/s.mysch.id/themes/academy/js/bootstrap/bootstrap.min.js]
[storage.googleapis.com/s.mysch.id/themes/academy/js/plugins/plugins.js]
[storage.googleapis.com/s.mysch.id/themes/academy/js/active.js]
[storage.googleapis.com/s.mysch.id/themes/academy/default/datatables/jquery.dataTables.min.js]
[storage.googleapis.com/s.mysch.id/themes/academy/default/datatables/dataTables.bootstrap4.min.js]
[storage.googleapis.com/s.mysch.id/themes/academy/default/datatables/datatables-demo.js]
[storage.googleapis.com/s.mysch.id/themes/academy/default/prettyphoto/jquery.prettyPhoto.js]
[smp274.mysch.id/kontak/index.html]
[storage.googleapis.com/s.mysch.id/themes/academy/default/prettyphoto/sprite.png]
[storage.googleapis.com/s.mysch.id/themes/academy/default/prettyphoto/prettyPhoto.css]
[storage.googleapis.com/s.mysch.id/themes/academy/css/bootstrap.min.css]
[storage.googleapis.com/s.mysch.id/themes/academy/css/owl.carousel.min.css]
[storage.googleapis.com/s.mysch.id/themes/academy/css/animate.css]
[storage.googleapis.com/s.mysch.id/themes/academy/css/magnific-popup.css]
[storage.googleapis.com/s.mysch.id/themes/academy/fonts/fontawesome-webfont3e6e.eot]
[storage.googleapis.com/s.mysch.id/themes/academy/fonts/fontawesome-webfontd41d.eot]
[storage.googleapis.com/s.mysch.id/themes/academy/fonts/fontawesome-webfont3e6e.woff2]
[storage.googleapis.com/s.mysch.id/themes/academy/fonts/fontawesome-webfont3e6e.woff]
[storage.googleapis.com/s.mysch.id/themes/academy/fonts/fontawesome-webfont3e6e.ttf]
[storage.googleapis.com/s.mysch.id/themes/academy/css/font-awesome.min.css]
[storage.googleapis.com/s.mysch.id/themes/academy/fonts/icomoon62b1.eot]
[storage.googleapis.com/s.mysch.id/themes/academy/fonts/icomoon62b1.ttf]
[storage.googleapis.com/s.mysch.id/themes/academy/fonts/icomoon62b1.woff]
[storage.googleapis.com/s.mysch.id/themes/academy/css/custom-icon.css]
[storage.googleapis.com/s.mysch.id/themes/academy/fonts/classycb9b.eot]
[storage.googleapis.com/s.mysch.id/themes/academy/fonts/classycb9b.ttf]
[storage.googleapis.com/s.mysch.id/themes/academy/fonts/classycb9b.woff]
[storage.googleapis.com/s.mysch.id/themes/academy/css/classy-nav.min.css]
[smp274.mysch.id/galeri/index.html]
[smp274.mysch.id/kontak/index.html]
[smp274.mysch.id/popper.html]
[smp274.mysch.id/youtu.be/index.html]
[storage.googleapis.com/s.mysch.id/themes/academy/default/prettyphoto/btnNext.png]
[storage.googleapis.com/s.mysch.id/themes/academy/default/prettyphoto/btnPrevious.png]
[storage.googleapis.com/s.mysch.id/themes/academy/default/prettyphoto/loader.gif]
[storage.googleapis.com/s.mysch.id/themes/academy/default/images/prettyPhoto/facebook/default_thumbnail.2e.del]
[storage.googleapis.com/s.mysch.id/themes/academy/css/owl.video.play.png]
[storage.googleapis.com/s.mysch.id/themes/academy/fonts/fontawesome-webfont3e6e.svg]
[storage.googleapis.com/s.mysch.id/themes/academy/fonts/icomoon62b1.svg]
[storage.googleapis.com/s.mysch.id/themes/academy/fonts/classycb9b.svg]
